Archive member included to satisfy reference by file (symbol)

/usr/local/gcc-arm-none-eabi-6-2017-q1-update/bin/../lib/gcc/arm-none-eabi/6.3.1/thumb/v6-m/libgcc.a(_thumb1_case_uqi.o)
                              _build/ble_srv_common.o (__gnu_thumb1_case_uqi)
/usr/local/gcc-arm-none-eabi-6-2017-q1-update/bin/../lib/gcc/arm-none-eabi/6.3.1/thumb/v6-m/libgcc.a(_aeabi_uldivmod.o)
                              _build/simple_timer.o (__aeabi_uldivmod)
/usr/local/gcc-arm-none-eabi-6-2017-q1-update/bin/../lib/gcc/arm-none-eabi/6.3.1/thumb/v6-m/libgcc.a(_udivmoddi4.o)
                              /usr/local/gcc-arm-none-eabi-6-2017-q1-update/bin/../lib/gcc/arm-none-eabi/6.3.1/thumb/v6-m/libgcc.a(_aeabi_uldivmod.o) (__udivmoddi4)
/usr/local/gcc-arm-none-eabi-6-2017-q1-update/bin/../lib/gcc/arm-none-eabi/6.3.1/thumb/v6-m/libgcc.a(adddf3.o)
                              _build/lsm6ds3.o (__aeabi_dadd)
/usr/local/gcc-arm-none-eabi-6-2017-q1-update/bin/../lib/gcc/arm-none-eabi/6.3.1/thumb/v6-m/libgcc.a(divdf3.o)
                              _build/lsm6ds3.o (__aeabi_ddiv)
/usr/local/gcc-arm-none-eabi-6-2017-q1-update/bin/../lib/gcc/arm-none-eabi/6.3.1/thumb/v6-m/libgcc.a(muldf3.o)
                              _build/lsm6ds3.o (__aeabi_dmul)
/usr/local/gcc-arm-none-eabi-6-2017-q1-update/bin/../lib/gcc/arm-none-eabi/6.3.1/thumb/v6-m/libgcc.a(fixdfsi.o)
                              _build/lsm6ds3.o (__aeabi_d2iz)
/usr/local/gcc-arm-none-eabi-6-2017-q1-update/bin/../lib/gcc/arm-none-eabi/6.3.1/thumb/v6-m/libgcc.a(floatsidf.o)
                              _build/lsm6ds3.o (__aeabi_i2d)
/usr/local/gcc-arm-none-eabi-6-2017-q1-update/bin/../lib/gcc/arm-none-eabi/6.3.1/thumb/v6-m/libgcc.a(floatunsidf.o)
                              _build/lsm6ds3.o (__aeabi_ui2d)
/usr/local/gcc-arm-none-eabi-6-2017-q1-update/bin/../lib/gcc/arm-none-eabi/6.3.1/thumb/v6-m/libgcc.a(_udivsi3.o)
                              /usr/local/gcc-arm-none-eabi-6-2017-q1-update/bin/../lib/gcc/arm-none-eabi/6.3.1/thumb/v6-m/libgcc.a(divdf3.o) (__aeabi_uidiv)
/usr/local/gcc-arm-none-eabi-6-2017-q1-update/bin/../lib/gcc/arm-none-eabi/6.3.1/thumb/v6-m/libgcc.a(_dvmd_tls.o)
                              /usr/local/gcc-arm-none-eabi-6-2017-q1-update/bin/../lib/gcc/arm-none-eabi/6.3.1/thumb/v6-m/libgcc.a(_udivsi3.o) (__aeabi_idiv0)
/usr/local/gcc-arm-none-eabi-6-2017-q1-update/bin/../lib/gcc/arm-none-eabi/6.3.1/thumb/v6-m/libgcc.a(_clzsi2.o)
                              /usr/local/gcc-arm-none-eabi-6-2017-q1-update/bin/../lib/gcc/arm-none-eabi/6.3.1/thumb/v6-m/libgcc.a(adddf3.o) (__clzsi2)
/usr/local/gcc-arm-none-eabi-6-2017-q1-update/bin/../lib/gcc/arm-none-eabi/6.3.1/thumb/v6-m/libgcc.a(_clzdi2.o)
                              /usr/local/gcc-arm-none-eabi-6-2017-q1-update/bin/../lib/gcc/arm-none-eabi/6.3.1/thumb/v6-m/libgcc.a(_udivmoddi4.o) (__clzdi2)
/usr/local/gcc-arm-none-eabi-6-2017-q1-update/bin/../lib/gcc/arm-none-eabi/6.3.1/../../../../arm-none-eabi/lib/thumb/v6-m/libc.a(lib_a-exit.o)
                              /usr/local/gcc-arm-none-eabi-6-2017-q1-update/bin/../lib/gcc/arm-none-eabi/6.3.1/../../../../arm-none-eabi/lib/thumb/v6-m/crt0.o (exit)
/usr/local/gcc-arm-none-eabi-6-2017-q1-update/bin/../lib/gcc/arm-none-eabi/6.3.1/../../../../arm-none-eabi/lib/thumb/v6-m/libc.a(lib_a-impure.o)
                              /usr/local/gcc-arm-none-eabi-6-2017-q1-update/bin/../lib/gcc/arm-none-eabi/6.3.1/../../../../arm-none-eabi/lib/thumb/v6-m/libc.a(lib_a-exit.o) (_global_impure_ptr)
/usr/local/gcc-arm-none-eabi-6-2017-q1-update/bin/../lib/gcc/arm-none-eabi/6.3.1/../../../../arm-none-eabi/lib/thumb/v6-m/libc.a(lib_a-init.o)
                              /usr/local/gcc-arm-none-eabi-6-2017-q1-update/bin/../lib/gcc/arm-none-eabi/6.3.1/../../../../arm-none-eabi/lib/thumb/v6-m/crt0.o (__libc_init_array)
/usr/local/gcc-arm-none-eabi-6-2017-q1-update/bin/../lib/gcc/arm-none-eabi/6.3.1/../../../../arm-none-eabi/lib/thumb/v6-m/libc.a(lib_a-memcpy-stub.o)
                              _build/ble_advdata.o (memcpy)
/usr/local/gcc-arm-none-eabi-6-2017-q1-update/bin/../lib/gcc/arm-none-eabi/6.3.1/../../../../arm-none-eabi/lib/thumb/v6-m/libc.a(lib_a-memset.o)
                              /usr/local/gcc-arm-none-eabi-6-2017-q1-update/bin/../lib/gcc/arm-none-eabi/6.3.1/../../../../arm-none-eabi/lib/thumb/v6-m/crt0.o (memset)
/usr/local/gcc-arm-none-eabi-6-2017-q1-update/bin/../lib/gcc/arm-none-eabi/6.3.1/../../../../arm-none-eabi/lib/thumb/v6-m/libc.a(lib_a-strlen-stub.o)
                              _build/ble_srv_common.o (strlen)
/usr/local/gcc-arm-none-eabi-6-2017-q1-update/bin/../lib/gcc/arm-none-eabi/6.3.1/../../../../arm-none-eabi/lib/thumb/v6-m/libc.a(lib_a-__call_atexit.o)
                              /usr/local/gcc-arm-none-eabi-6-2017-q1-update/bin/../lib/gcc/arm-none-eabi/6.3.1/../../../../arm-none-eabi/lib/thumb/v6-m/libc.a(lib_a-exit.o) (__call_exitprocs)
[...]
Memory Configuration

Name             Origin             Length             Attributes
FLASH            0x000000000001b000 0x0000000000025000 xr
RAM              0x0000000020002800 0x0000000000005800 xrw
*default*        0x0000000000000000 0xffffffffffffffff

Linker script and memory map

LOAD /usr/local/gcc-arm-none-eabi-6-2017-q1-update/bin/../lib/gcc/arm-none-eabi/6.3.1/thumb/v6-m/crti.o
LOAD /usr/local/gcc-arm-none-eabi-6-2017-q1-update/bin/../lib/gcc/arm-none-eabi/6.3.1/thumb/v6-m/crtbegin.o
LOAD /usr/local/gcc-arm-none-eabi-6-2017-q1-update/bin/../lib/gcc/arm-none-eabi/6.3.1/../../../../arm-none-eabi/lib/thumb/v6-m/crt0.o
LOAD _build/startup_nrf51.os
LOAD _build/system_nrf51.o
LOAD _build/main.o
LOAD _build/softdevice_handler.o
LOAD _build/ble_advdata.o
LOAD _build/ble_conn_params.o
LOAD _build/app_button.o
LOAD _build/app_timer.o
LOAD _build/app_error.o
LOAD _build/app_util_platform.o
LOAD _build/nrf_drv_common.o
LOAD _build/nrf_drv_gpiote.o
LOAD _build/nrf_drv_adc.o
LOAD _build/app_gpiote.o
LOAD _build/nrf_drv_clock.o
LOAD _build/ble_srv_common.o
LOAD _build/nrf_drv_spi.o
LOAD _build/led.o
LOAD _build/simple_ble.o
LOAD _build/simple_adv.o
LOAD _build/simple_timer.o
LOAD _build/scratch_ble.o
LOAD _build/lsm6ds3.o
START GROUP
LOAD /usr/local/gcc-arm-none-eabi-6-2017-q1-update/bin/../lib/gcc/arm-none-eabi/6.3.1/thumb/v6-m/libgcc.a
LOAD /usr/local/gcc-arm-none-eabi-6-2017-q1-update/bin/../lib/gcc/arm-none-eabi/6.3.1/../../../../arm-none-eabi/lib/thumb/v6-m/libc.a
END GROUP
LOAD /usr/local/gcc-arm-none-eabi-6-2017-q1-update/bin/../lib/gcc/arm-none-eabi/6.3.1/thumb/v6-m/crtend.o
LOAD /usr/local/gcc-arm-none-eabi-6-2017-q1-update/bin/../lib/gcc/arm-none-eabi/6.3.1/thumb/v6-m/crtn.o

.fs_data_out    0x0000000000000000        0x0
                [!provide]                        PROVIDE (__start_fs_data, .)
 *(fs_data)
                [!provide]                        PROVIDE (__stop_fs_data, .)
START GROUP
LOAD /usr/local/gcc-arm-none-eabi-6-2017-q1-update/bin/../lib/gcc/arm-none-eabi/6.3.1/thumb/v6-m/libgcc.a
LOAD /usr/local/gcc-arm-none-eabi-6-2017-q1-update/bin/../lib/gcc/arm-none-eabi/6.3.1/../../../../arm-none-eabi/lib/thumb/v6-m/libc.a
LOAD /usr/local/gcc-arm-none-eabi-6-2017-q1-update/bin/../lib/gcc/arm-none-eabi/6.3.1/../../../../arm-none-eabi/lib/thumb/v6-m/libm.a
LOAD /usr/local/gcc-arm-none-eabi-6-2017-q1-update/bin/../lib/gcc/arm-none-eabi/6.3.1/../../../../arm-none-eabi/lib/thumb/v6-m/libnosys.a
END GROUP

.text           0x000000000001b000     0x23bc
 *(.isr_vector)
 .isr_vector    0x000000000001b000       0xc0 _build/startup_nrf51.os
                0x000000000001b000                __Vectors
 *(.text*)
 .text          0x000000000001b0c0       0x78 /usr/local/gcc-arm-none-eabi-6-2017-q1-update/bin/../lib/gcc/arm-none-eabi/6.3.1/../../../../arm-none-eabi/lib/thumb/v6-m/crt0.o
                0x000000000001b0c0                _mainCRTStartup
                0x000000000001b0c0                _start
 .text          0x000000000001b138       0x7c _build/startup_nrf51.os
                0x000000000001b138                Reset_Handler
                0x000000000001b178                NMI_Handler
                0x000000000001b17a                HardFault_Handler
                0x000000000001b17c                SVC_Handler
                0x000000000001b17e                PendSV_Handler
                0x000000000001b180                SysTick_Handler
                0x000000000001b182                DEF_IRQHandler
                0x000000000001b182                Default_Handler
                0x000000000001b186                RADIO_IRQHandler
                0x000000000001b188                UART0_IRQHandler
                0x000000000001b18c                SPI1_TWI1_IRQHandler
                0x000000000001b192                TIMER0_IRQHandler
                0x000000000001b194                TIMER1_IRQHandler
                0x000000000001b196                TIMER2_IRQHandler
                0x000000000001b198                RTC0_IRQHandler
                0x000000000001b19a                TEMP_IRQHandler
                0x000000000001b19c                RNG_IRQHandler
                0x000000000001b19e                ECB_IRQHandler
                0x000000000001b1a0                CCM_AAR_IRQHandler
                0x000000000001b1a2                WDT_IRQHandler
                0x000000000001b1a6                QDEC_IRQHandler
                0x000000000001b1aa                SWI1_IRQHandler
                0x000000000001b1ae                SWI3_IRQHandler
                0x000000000001b1b0                SWI4_IRQHandler
                0x000000000001b1b2                SWI5_IRQHandler
 .text.SystemInit
                0x000000000001b1b4       0xe0 _build/system_nrf51.o
                0x000000000001b1b4                SystemInit
 .text.clear_leds
                0x000000000001b294       0x24 _build/main.o
                0x000000000001b294                clear_leds
 .text.drive_motor
                0x000000000001b2b8       0x1c _build/main.o
                0x000000000001b2b8                drive_motor
 .text.motorLogic
                0x000000000001b2d4       0x18 _build/main.o
                0x000000000001b2d4                motorLogic
 .text.ble_evt_write
                0x000000000001b2ec       0x2c _build/main.o
                0x000000000001b2ec                ble_evt_write
 .text.startup.main
                0x000000000001b318       0x40 _build/main.o
                0x000000000001b318                main
 .text.sd_evt_get
                0x000000000001b358        0x4 _build/softdevice_handler.o
 .text.sd_softdevice_enable
                0x000000000001b35c        0x4 _build/softdevice_handler.o
 .text.sd_ble_enable
                0x000000000001b360        0x4 _build/softdevice_handler.o
 .text.sd_ble_evt_get
                0x000000000001b364        0x4 _build/softdevice_handler.o
 .text.softdevice_fault_handler
                0x000000000001b368        0x8 _build/softdevice_handler.o
                0x000000000001b368                softdevice_fault_handler
 .text.sd_nvic_EnableIRQ.constprop.5
                0x000000000001b370       0x38 _build/softdevice_handler.o
 .text.intern_softdevice_events_execute
                0x000000000001b3a8       0xbc _build/softdevice_handler.o
                0x000000000001b3a8                intern_softdevice_events_execute
 .text.softdevice_handler_is_enabled
                0x000000000001b464        0xc _build/softdevice_handler.o
                0x000000000001b464                softdevice_handler_is_enabled
 .text.softdevice_handler_init
                0x000000000001b470       0x6c _build/softdevice_handler.o
                0x000000000001b470                softdevice_handler_init
 .text.softdevice_ble_evt_handler_set
                0x000000000001b4dc       0x14 _build/softdevice_handler.o
                0x000000000001b4dc                softdevice_ble_evt_handler_set
 .text.softdevice_sys_evt_handler_set
                0x000000000001b4f0       0x14 _build/softdevice_handler.o
                0x000000000001b4f0                softdevice_sys_evt_handler_set
 .text.SWI2_IRQHandler
                0x000000000001b504       0x20 _build/softdevice_handler.o
                0x000000000001b504                SWI2_IRQHandler
 .text.softdevice_enable_get_default_config
                0x000000000001b524       0x28 _build/softdevice_handler.o
                0x000000000001b524                softdevice_enable_get_default_config
 .text.softdevice_enable
                0x000000000001b54c       0x18 _build/softdevice_handler.o
                0x000000000001b54c                softdevice_enable
 .text.sd_ble_gap_address_get
                0x000000000001b564        0x4 _build/ble_advdata.o
 .text.sd_ble_gap_adv_data_set
                0x000000000001b568        0x4 _build/ble_advdata.o
 .text.sd_ble_gap_appearance_get
                0x000000000001b56c        0x4 _build/ble_advdata.o
 .text.sd_ble_gap_device_name_get
                0x000000000001b570        0x4 _build/ble_advdata.o
 .text.sd_ble_uuid_encode
                0x000000000001b574        0x4 _build/ble_advdata.o
 .text.uuid_list_sized_encode
                0x000000000001b578       0xbe _build/ble_advdata.o
 .text.uuid_list_encode
                0x000000000001b636       0x34 _build/ble_advdata.o
 *fill*         0x000000000001b66a        0x2 
 .text.adv_data_encode
                0x000000000001b66c      0x3a0 _build/ble_advdata.o
                0x000000000001b66c                adv_data_encode
 .text.ble_advdata_set
                0x000000000001ba0c       0x62 _build/ble_advdata.o
                0x000000000001ba0c                ble_advdata_set
 .text.sd_ble_gap_conn_param_update
                0x000000000001ba6e        0x4 _build/ble_conn_params.o
 .text.sd_ble_gap_disconnect
                0x000000000001ba72        0x4 _build/ble_conn_params.o
 .text.sd_ble_gap_ppcp_set
                0x000000000001ba76        0x4 _build/ble_conn_params.o
 .text.sd_ble_gap_ppcp_get
                0x000000000001ba7a        0x4 _build/ble_conn_params.o
 *fill*         0x000000000001ba7e        0x2 
 .text.update_timeout_handler
                0x000000000001ba80       0x70 _build/ble_conn_params.o
 .text.conn_params_negotiation
                0x000000000001baf0       0x78 _build/ble_conn_params.o
 .text.ble_conn_params_init
                0x000000000001bb68       0x70 _build/ble_conn_params.o
                0x000000000001bb68                ble_conn_params_init
 .text.ble_conn_params_on_ble_evt
                0x000000000001bbd8       0xac _build/ble_conn_params.o
                0x000000000001bbd8                ble_conn_params_on_ble_evt
 .text.user_op_alloc
                0x000000000001bc84       0x2c _build/app_timer.o
 .text.timer_stop_op_schedule
                0x000000000001bcb0       0x58 _build/app_timer.o
 .text.nrf_delay_us.part.1.constprop.6
                0x000000000001bd08       0x2c _build/app_timer.o
 .text.rtc1_stop
                0x000000000001bd34       0x44 _build/app_timer.o
 .text.RTC1_IRQHandler
                0x000000000001bd78       0xbc _build/app_timer.o
                0x000000000001bd78                RTC1_IRQHandler
 .text.SWI0_IRQHandler
                0x000000000001be34      0x378 _build/app_timer.o
                0x000000000001be34                SWI0_IRQHandler
 .text.app_timer_init
                0x000000000001c1ac       0xa4 _build/app_timer.o
                0x000000000001c1ac                app_timer_init
 .text.app_timer_create
                0x000000000001c250       0x30 _build/app_timer.o
                0x000000000001c250                app_timer_create
 .text.app_timer_start
                0x000000000001c280       0x98 _build/app_timer.o
                0x000000000001c280                app_timer_start
 .text.app_timer_stop
                0x000000000001c318       0x2c _build/app_timer.o
                0x000000000001c318                app_timer_stop
 .text.app_error_handler_bare
                0x000000000001c344       0x1c _build/app_error.o
                0x000000000001c344                app_error_handler_bare
 .text.app_util_critical_region_enter
                0x000000000001c360       0x3c _build/app_util_platform.o
                0x000000000001c360                app_util_critical_region_enter
 .text.app_util_critical_region_exit
                0x000000000001c39c       0x2c _build/app_util_platform.o
                0x000000000001c39c                app_util_critical_region_exit
 .text.nrf_drv_common_irq_enable
                0x000000000001c3c8       0x74 _build/nrf_drv_common.o
                0x000000000001c3c8                nrf_drv_common_irq_enable
 .text.nrf_gpio_cfg_sense_set
                0x000000000001c43c       0x24 _build/nrf_drv_gpiote.o
 .text.channel_free
                0x000000000001c460       0x1c _build/nrf_drv_gpiote.o
 .text.nrf_drv_gpiote_init
                0x000000000001c47c       0x5c _build/nrf_drv_gpiote.o
                0x000000000001c47c                nrf_drv_gpiote_init
 .text.nrf_drv_gpiote_is_init
                0x000000000001c4d8       0x14 _build/nrf_drv_gpiote.o
                0x000000000001c4d8                nrf_drv_gpiote_is_init
 .text.GPIOTE_IRQHandler
                0x000000000001c4ec      0x160 _build/nrf_drv_gpiote.o
                0x000000000001c4ec                GPIOTE_IRQHandler
 .text.adc_sample_process
                0x000000000001c64c       0x6c _build/nrf_drv_adc.o
 .text.ADC_IRQHandler
                0x000000000001c6b8       0x60 _build/nrf_drv_adc.o
                0x000000000001c6b8                ADC_IRQHandler
 .text.clock_clk_started_notify
                0x000000000001c718       0x2c _build/nrf_drv_clock.o
 .text.nrf_drv_clock_init
                0x000000000001c744       0x48 _build/nrf_drv_clock.o
                0x000000000001c744                nrf_drv_clock_init
 .text.POWER_CLOCK_IRQHandler
                0x000000000001c78c       0x54 _build/nrf_drv_clock.o
                0x000000000001c78c                POWER_CLOCK_IRQHandler
 .text.nrf_drv_clock_on_soc_event
                0x000000000001c7e0        0xc _build/nrf_drv_clock.o
                0x000000000001c7e0                nrf_drv_clock_on_soc_event
 .text.nrf_drv_clock_on_sd_enable
                0x000000000001c7ec       0x34 _build/nrf_drv_clock.o
                0x000000000001c7ec                nrf_drv_clock_on_sd_enable
 .text.ble_srv_is_notification_enabled
                0x000000000001c820        0x8 _build/ble_srv_common.o
                0x000000000001c820                ble_srv_is_notification_enabled
 .text.transfer_byte
                0x000000000001c828       0x58 _build/nrf_drv_spi.o
 .text.SPI0_TWI0_IRQHandler
                0x000000000001c880       0x44 _build/nrf_drv_spi.o
                0x000000000001c880                SPI0_TWI0_IRQHandler
 .text.sd_ble_gap_address_set
                0x000000000001c8c4        0x4 _build/simple_ble.o
 .text.sd_ble_gap_address_get
                0x000000000001c8c8        0x4 _build/simple_ble.o
 .text.sd_ble_gap_adv_start
                0x000000000001c8cc        0x4 _build/simple_ble.o
 .text.sd_ble_gap_adv_stop
                0x000000000001c8d0        0x4 _build/simple_ble.o
 .text.sd_ble_gap_disconnect
                0x000000000001c8d4        0x4 _build/simple_ble.o
 .text.sd_ble_gap_tx_power_set
                0x000000000001c8d8        0x4 _build/simple_ble.o
 .text.sd_ble_gap_appearance_set
                0x000000000001c8dc        0x4 _build/simple_ble.o
 .text.sd_ble_gap_ppcp_set
                0x000000000001c8e0        0x4 _build/simple_ble.o
 .text.sd_ble_gap_device_name_set
                0x000000000001c8e4        0x4 _build/simple_ble.o
 .text.sd_ble_gap_sec_params_reply
                0x000000000001c8e8        0x4 _build/simple_ble.o
 .text.sd_ble_gap_sec_info_reply
                0x000000000001c8ec        0x4 _build/simple_ble.o
 .text.sd_ble_gatts_service_add
                0x000000000001c8f0        0x4 _build/simple_ble.o
 .text.sd_ble_gatts_characteristic_add
                0x000000000001c8f4        0x4 _build/simple_ble.o
 .text.sd_ble_gatts_sys_attr_set
                0x000000000001c8f8        0x4 _build/simple_ble.o
 .text.sd_ble_uuid_vs_add
                0x000000000001c8fc        0x4 _build/simple_ble.o
 .text.sd_power_system_off
                0x000000000001c900        0x4 _build/simple_ble.o
 .text.sd_app_evt_wait
                0x000000000001c904        0x4 _build/simple_ble.o
 .text.sys_evt_dispatch
                0x000000000001c908        0x2 _build/simple_ble.o
 .text.conn_params_error_handler
                0x000000000001c90a        0x8 _build/simple_ble.o
 *fill*         0x000000000001c912        0x2 
 .text.on_conn_params_evt
                0x000000000001c914       0x20 _build/simple_ble.o
 .text.app_error_fault_handler
                0x000000000001c934       0x14 _build/simple_ble.o
                0x000000000001c934                app_error_fault_handler
 .text.ble_address_set
                0x000000000001c948       0x84 _build/simple_ble.o
                0x000000000001c948                ble_address_set
 .text.ble_stack_init
                0x000000000001c9cc       0x7c _build/simple_ble.o
                0x000000000001c9cc                ble_stack_init
 .text.gap_params_init
                0x000000000001ca48       0x40 _build/simple_ble.o
                0x000000000001ca48                gap_params_init
 .text.advertising_init
                0x000000000001ca88       0x20 _build/simple_ble.o
                0x000000000001ca88                advertising_init
 .text.conn_params_init
                0x000000000001caa8       0x94 _build/simple_ble.o
                0x000000000001caa8                conn_params_init
 .text.initialize_app_timer
                0x000000000001cb3c       0x1c _build/simple_ble.o
                0x000000000001cb3c                initialize_app_timer
 .text.advertising_start
                0x000000000001cb58       0x20 _build/simple_ble.o
                0x000000000001cb58                advertising_start
 .text.advertising_stop
                0x000000000001cb78       0x14 _build/simple_ble.o
                0x000000000001cb78                advertising_stop
 .text.ble_evt_dispatch
                0x000000000001cb8c      0x144 _build/simple_ble.o
 .text.power_manage
                0x000000000001ccd0       0x10 _build/simple_ble.o
                0x000000000001ccd0                power_manage
 .text.simple_ble_init
                0x000000000001cce0       0x30 _build/simple_ble.o
                0x000000000001cce0                simple_ble_init
 .text.simple_ble_add_service
                0x000000000001cd10       0x3e _build/simple_ble.o
                0x000000000001cd10                simple_ble_add_service
 .text.simple_ble_add_characteristic
                0x000000000001cd4e       0xc4 _build/simple_ble.o
                0x000000000001cd4e                simple_ble_add_characteristic
 .text.simple_ble_is_char_event
                0x000000000001ce12        0xe _build/simple_ble.o
                0x000000000001ce12                simple_ble_is_char_event
 .text.full_adv
                0x000000000001ce20       0x5c _build/simple_adv.o
 .text.simple_adv_service
                0x000000000001ce7c        0xe _build/simple_adv.o
                0x000000000001ce7c                simple_adv_service
 *fill*         0x000000000001ce8a        0x2 
 .text.ble_init
                0x000000000001ce8c       0x10 _build/scratch_ble.o
                0x000000000001ce8c                ble_init
 .text.ble_start_advertising
                0x000000000001ce9c       0x10 _build/scratch_ble.o
                0x000000000001ce9c                ble_start_advertising
 .text.services_init
                0x000000000001ceac       0x9c _build/scratch_ble.o
                0x000000000001ceac                services_init
 .text.exit     0x000000000001cf48       0x20 /usr/local/gcc-arm-none-eabi-6-2017-q1-update/bin/../lib/gcc/arm-none-eabi/6.3.1/../../../../arm-none-eabi/lib/thumb/v6-m/libc.a(lib_a-exit.o)
                0x000000000001cf48                exit
 .text.__libc_init_array
                0x000000000001cf68       0x48 /usr/local/gcc-arm-none-eabi-6-2017-q1-update/bin/../lib/gcc/arm-none-eabi/6.3.1/../../../../arm-none-eabi/lib/thumb/v6-m/libc.a(lib_a-init.o)
                0x000000000001cf68                __libc_init_array
 .text.memcpy   0x000000000001cfb0       0x84 /usr/local/gcc-arm-none-eabi-6-2017-q1-update/bin/../lib/gcc/arm-none-eabi/6.3.1/../../../../arm-none-eabi/lib/thumb/v6-m/libc.a(lib_a-memcpy-stub.o)
                0x000000000001cfb0                memcpy
 .text.memset   0x000000000001d034       0x94 /usr/local/gcc-arm-none-eabi-6-2017-q1-update/bin/../lib/gcc/arm-none-eabi/6.3.1/../../../../arm-none-eabi/lib/thumb/v6-m/libc.a(lib_a-memset.o)
                0x000000000001d034                memset
 .text.strlen   0x000000000001d0c8       0x64 /usr/local/gcc-arm-none-eabi-6-2017-q1-update/bin/../lib/gcc/arm-none-eabi/6.3.1/../../../../arm-none-eabi/lib/thumb/v6-m/libc.a(lib_a-strlen-stub.o)
                0x000000000001d0c8                strlen
 .text.__call_exitprocs
                0x000000000001d12c      0x110 /usr/local/gcc-arm-none-eabi-6-2017-q1-update/bin/../lib/gcc/arm-none-eabi/6.3.1/../../../../arm-none-eabi/lib/thumb/v6-m/libc.a(lib_a-__call_atexit.o)
                0x000000000001d12c                __call_exitprocs
 .text.atexit   0x000000000001d23c       0x10 /usr/local/gcc-arm-none-eabi-6-2017-q1-update/bin/../lib/gcc/arm-none-eabi/6.3.1/../../../../arm-none-eabi/lib/thumb/v6-m/libc.a(lib_a-atexit.o)
                0x000000000001d23c                atexit
 .text.__libc_fini_array
                0x000000000001d24c       0x34 /usr/local/gcc-arm-none-eabi-6-2017-q1-update/bin/../lib/gcc/arm-none-eabi/6.3.1/../../../../arm-none-eabi/lib/thumb/v6-m/libc.a(lib_a-fini.o)
                0x000000000001d24c                __libc_fini_array
 .text.__retarget_lock_acquire_recursive
                0x000000000001d280        0x4 /usr/local/gcc-arm-none-eabi-6-2017-q1-update/bin/../lib/gcc/arm-none-eabi/6.3.1/../../../../arm-none-eabi/lib/thumb/v6-m/libc.a(lib_a-lock.o)
                0x000000000001d280                __retarget_lock_acquire_recursive
 .text.__retarget_lock_release_recursive
                0x000000000001d284        0x4 /usr/local/gcc-arm-none-eabi-6-2017-q1-update/bin/../lib/gcc/arm-none-eabi/6.3.1/../../../../arm-none-eabi/lib/thumb/v6-m/libc.a(lib_a-lock.o)
                0x000000000001d284                __retarget_lock_release_recursive
 .text.__register_exitproc
                0x000000000001d288       0xf4 /usr/local/gcc-arm-none-eabi-6-2017-q1-update/bin/../lib/gcc/arm-none-eabi/6.3.1/../../../../arm-none-eabi/lib/thumb/v6-m/libc.a(lib_a-__atexit.o)
                0x000000000001d288                __register_exitproc
 .text._exit    0x000000000001d37c        0x4 /usr/local/gcc-arm-none-eabi-6-2017-q1-update/bin/../lib/gcc/arm-none-eabi/6.3.1/../../../../arm-none-eabi/lib/thumb/v6-m/libnosys.a(_exit.o)
                0x000000000001d37c                _exit
 *(.init)
 .init          0x000000000001d380        0x4 /usr/local/gcc-arm-none-eabi-6-2017-q1-update/bin/../lib/gcc/arm-none-eabi/6.3.1/thumb/v6-m/crti.o
                0x000000000001d380                _init
 .init          0x000000000001d384        0x8 /usr/local/gcc-arm-none-eabi-6-2017-q1-update/bin/../lib/gcc/arm-none-eabi/6.3.1/thumb/v6-m/crtn.o
 *(.fini)
 .fini          0x000000000001d38c        0x4 /usr/local/gcc-arm-none-eabi-6-2017-q1-update/bin/../lib/gcc/arm-none-eabi/6.3.1/thumb/v6-m/crti.o
                0x000000000001d38c                _fini
 .fini          0x000000000001d390        0x8 /usr/local/gcc-arm-none-eabi-6-2017-q1-update/bin/../lib/gcc/arm-none-eabi/6.3.1/thumb/v6-m/crtn.o
 *crtbegin.o(.ctors)
 *crtbegin?.o(.ctors)
 *(EXCLUDE_FILE(*crtend.o *crtend?.o) .ctors)
 *(SORT(.ctors.*))
 *(.ctors)
 *crtbegin.o(.dtors)
 *crtbegin?.o(.dtors)
 *(EXCLUDE_FILE(*crtend.o *crtend?.o) .dtors)
 *(SORT(.dtors.*))
 *(.dtors)
 *(.rodata*)
 .rodata.m_conn_params_timer_id
                0x000000000001d398        0x4 _build/ble_conn_params.o
 .rodata        0x000000000001d39c        0x4 _build/simple_ble.o
 .rodata.CONN_SUP_TIMEOUT
                0x000000000001d3a0        0x4 _build/simple_ble.o
                0x000000000001d3a0                CONN_SUP_TIMEOUT
 .rodata.FIRST_CONN_PARAMS_UPDATE_DELAY
                0x000000000001d3a4        0x4 _build/simple_ble.o
                0x000000000001d3a4                FIRST_CONN_PARAMS_UPDATE_DELAY
 .rodata.SLAVE_LATENCY
                0x000000000001d3a8        0x4 _build/simple_ble.o
                0x000000000001d3a8                SLAVE_LATENCY
 .rodata.str1.1
                0x000000000001d3ac        0x5 _build/scratch_ble.o
 *fill*         0x000000000001d3b1        0x3 
 .rodata._global_impure_ptr
                0x000000000001d3b4        0x4 /usr/local/gcc-arm-none-eabi-6-2017-q1-update/bin/../lib/gcc/arm-none-eabi/6.3.1/../../../../arm-none-eabi/lib/thumb/v6-m/libc.a(lib_a-impure.o)
                0x000000000001d3b4                _global_impure_ptr
 *(.eh_frame*)
 .eh_frame      0x000000000001d3b8        0x0 /usr/local/gcc-arm-none-eabi-6-2017-q1-update/bin/../lib/gcc/arm-none-eabi/6.3.1/thumb/v6-m/crtbegin.o
 .eh_frame      0x000000000001d3b8        0x4 /usr/local/gcc-arm-none-eabi-6-2017-q1-update/bin/../lib/gcc/arm-none-eabi/6.3.1/thumb/v6-m/crtend.o

.glue_7         0x000000000001d3bc        0x0
 .glue_7        0x000000000001d3bc        0x0 linker stubs

.glue_7t        0x000000000001d3bc        0x0
 .glue_7t       0x000000000001d3bc        0x0 linker stubs

.vfp11_veneer   0x000000000001d3bc        0x0
 .vfp11_veneer  0x000000000001d3bc        0x0 linker stubs

.v4_bx          0x000000000001d3bc        0x0
 .v4_bx         0x000000000001d3bc        0x0 linker stubs

.iplt           0x000000000001d3bc        0x0
 .iplt          0x000000000001d3bc        0x0 /usr/local/gcc-arm-none-eabi-6-2017-q1-update/bin/../lib/gcc/arm-none-eabi/6.3.1/thumb/v6-m/crtbegin.o

.ARM.extab
 *(.ARM.extab* .gnu.linkonce.armextab.*)
                0x000000000001d3bc                __exidx_start = .

.ARM.exidx      0x000000000001d3bc        0x8
 *(.ARM.exidx* .gnu.linkonce.armexidx.*)
 .ARM.exidx     0x000000000001d3bc        0x8 /usr/local/gcc-arm-none-eabi-6-2017-q1-update/bin/../lib/gcc/arm-none-eabi/6.3.1/../../../../arm-none-eabi/lib/thumb/v6-m/crt0.o
                0x000000000001d3c4                __exidx_end = .
                0x000000000001d3c4                __etext = .

.rel.dyn        0x000000000001d3c4        0x0
 .rel.iplt      0x000000000001d3c4        0x0 /usr/local/gcc-arm-none-eabi-6-2017-q1-update/bin/../lib/gcc/arm-none-eabi/6.3.1/thumb/v6-m/crtbegin.o

.data           0x0000000020002800      0x48c load address 0x000000000001d3c4
                0x0000000020002800                __data_start__ = .
 *(vtable)
 *(.data*)
 .data.SystemCoreClock
                0x0000000020002800        0x4 _build/system_nrf51.o
                0x0000000020002800                SystemCoreClock
 .data.m_sec_params
                0x0000000020002804        0x5 _build/simple_ble.o
                0x0000000020002804                m_sec_params
 *fill*         0x0000000020002809        0x3 
 .data.ble_config
                0x000000002000280c       0x10 _build/scratch_ble.o
                0x000000002000280c                ble_config
 .data.debug_char
                0x000000002000281c        0xa _build/scratch_ble.o
                0x000000002000281c                debug_char
 .data.motor_char
                0x0000000020002826        0xa _build/scratch_ble.o
                0x0000000020002826                motor_char
 .data.rx_char  0x0000000020002830        0xa _build/scratch_ble.o
                0x0000000020002830                rx_char
 .data.scratch_service
                0x000000002000283a       0x16 _build/scratch_ble.o
                0x000000002000283a                scratch_service
 .data.tx_char  0x0000000020002850        0xa _build/scratch_ble.o
                0x0000000020002850                tx_char
 *fill*         0x000000002000285a        0x6 
 .data.impure_data
                0x0000000020002860      0x428 /usr/local/gcc-arm-none-eabi-6-2017-q1-update/bin/../lib/gcc/arm-none-eabi/6.3.1/../../../../arm-none-eabi/lib/thumb/v6-m/libc.a(lib_a-impure.o)
 .data.__atexit_recursive_mutex
                0x0000000020002c88        0x4 /usr/local/gcc-arm-none-eabi-6-2017-q1-update/bin/../lib/gcc/arm-none-eabi/6.3.1/../../../../arm-none-eabi/lib/thumb/v6-m/libc.a(lib_a-__call_atexit.o)
                0x0000000020002c88                __atexit_recursive_mutex
                0x0000000020002c8c                . = ALIGN (0x4)
                0x0000000020002c8c                PROVIDE (__preinit_array_start, .)
 *(.preinit_array)
                0x0000000020002c8c                PROVIDE (__preinit_array_end, .)
                0x0000000020002c8c                . = ALIGN (0x4)
                0x0000000020002c8c                PROVIDE (__init_array_start, .)
 *(SORT(.init_array.*))
 *(.init_array)
                0x0000000020002c8c                PROVIDE (__init_array_end, .)
                0x0000000020002c8c                . = ALIGN (0x4)
                0x0000000020002c8c                PROVIDE (__fini_array_start, .)
 *(SORT(.fini_array.*))
 *(.fini_array)
                0x0000000020002c8c                PROVIDE (__fini_array_end, .)
                0x0000000020002c8c                . = ALIGN (0x4)
                0x0000000020002c8c                __data_end__ = .

.igot.plt       0x0000000020002c8c        0x0 load address 0x000000000001d850
 .igot.plt      0x0000000020002c8c        0x0 /usr/local/gcc-arm-none-eabi-6-2017-q1-update/bin/../lib/gcc/arm-none-eabi/6.3.1/thumb/v6-m/crtbegin.o

.bss            0x0000000020002c90      0x2c9 load address 0x000000000001d858
                0x0000000020002c90                __bss_start__ = .
 *(.bss*)
 .bss.m_ble_evt_buffer_size
                0x0000000020002c90        0x2 _build/softdevice_handler.o
 *fill*         0x0000000020002c92        0x2 
 .bss.m_ble_evt_handler
                0x0000000020002c94        0x4 _build/softdevice_handler.o
 .bss.m_evt_schedule_func
                0x0000000020002c98        0x4 _build/softdevice_handler.o
 .bss.m_softdevice_enabled
                0x0000000020002c9c        0x1 _build/softdevice_handler.o
 .bss.m_suspended
                0x0000000020002c9d        0x1 _build/softdevice_handler.o
 *fill*         0x0000000020002c9e        0x2 
 .bss.m_sys_evt_handler
                0x0000000020002ca0        0x4 _build/softdevice_handler.o
 .bss.mp_ble_evt_buffer
                0x0000000020002ca4        0x4 _build/softdevice_handler.o
 .bss.m_change_param
                0x0000000020002ca8        0x1 _build/ble_conn_params.o
 *fill*         0x0000000020002ca9        0x1 
 .bss.m_conn_handle
                0x0000000020002caa        0x2 _build/ble_conn_params.o
 .bss.m_conn_params_config
                0x0000000020002cac       0x1c _build/ble_conn_params.o
 .bss.m_conn_params_timer_id_data
                0x0000000020002cc8       0x20 _build/ble_conn_params.o
 .bss.m_current_conn_params
                0x0000000020002ce8        0x8 _build/ble_conn_params.o
 .bss.m_preferred_conn_params
                0x0000000020002cf0        0x8 _build/ble_conn_params.o
 .bss.m_update_count
                0x0000000020002cf8        0x1 _build/ble_conn_params.o
 *fill*         0x0000000020002cf9        0x3 
 .bss.m_evt_schedule_func
                0x0000000020002cfc        0x4 _build/app_timer.o
 .bss.m_op_queue
                0x0000000020002d00        0x8 _build/app_timer.o
 .bss.m_rtc1_reset
                0x0000000020002d08        0x1 _build/app_timer.o
 .bss.m_rtc1_running
                0x0000000020002d09        0x1 _build/app_timer.o
 *fill*         0x0000000020002d0a        0x2 
 .bss.m_ticks_elapsed
                0x0000000020002d0c        0x8 _build/app_timer.o
 .bss.m_ticks_elapsed_q_read_ind
                0x0000000020002d14        0x1 _build/app_timer.o
 .bss.m_ticks_elapsed_q_write_ind
                0x0000000020002d15        0x1 _build/app_timer.o
 *fill*         0x0000000020002d16        0x2 
 .bss.m_ticks_latest
                0x0000000020002d18        0x4 _build/app_timer.o
 .bss.mp_timer_id_head
                0x0000000020002d1c        0x4 _build/app_timer.o
 .bss.m_cb      0x0000000020002d20       0x3c _build/nrf_drv_gpiote.o
 .bss.m_cb      0x0000000020002d5c       0x14 _build/nrf_drv_adc.o
 .bss.m_clock_cb
                0x0000000020002d70       0x14 _build/nrf_drv_clock.o
 .bss.m_cb      0x0000000020002d84       0x20 _build/nrf_drv_spi.o
 .bss.APP_TIMER_BUF.8627
                0x0000000020002da4       0xd8 _build/simple_ble.o
 .bss.BLE_EVT_BUFFER.8595
                0x0000000020002e7c       0x48 _build/simple_ble.o
 .bss.ble_config
                0x0000000020002ec4        0x4 _build/simple_ble.o
 *(COMMON)
 COMMON         0x0000000020002ec8       0x4c _build/main.o
                0x0000000020002ec8                spi_xfer_done
                0x0000000020002eca                accel_x
                0x0000000020002ecc                rx_buff
                0x0000000020002ed8                comp_y
                0x0000000020002ee0                tmp_buff
                0x0000000020002ee6                gyro_y
                0x0000000020002ee8                debug_buff
                0x0000000020002eec                accel_y
                0x0000000020002eee                motor_buff
                0x0000000020002ef0                gyro_x
                0x0000000020002ef8                comp_x
                0x0000000020002f00                tx_buff
                0x0000000020002f08                spi_tx_buff
                0x0000000020002f09                spi_rx_buff
                0x0000000020002f0a                accel_z
                0x0000000020002f0c                gyro_z
                0x0000000020002f10                last_imu_read
 COMMON         0x0000000020002f14        0x8 _build/app_util_platform.o
                0x0000000020002f14                nrf_nvic_state
 COMMON         0x0000000020002f1c       0x1a _build/simple_ble.o
                0x0000000020002f1c                m_adv_params
                0x0000000020002f34                app
 *fill*         0x0000000020002f36        0x2 
 COMMON         0x0000000020002f38       0x21 /usr/local/gcc-arm-none-eabi-6-2017-q1-update/bin/../lib/gcc/arm-none-eabi/6.3.1/../../../../arm-none-eabi/lib/thumb/v6-m/libc.a(lib_a-lock.o)
                0x0000000020002f38                __lock___atexit_recursive_mutex
                0x0000000020002f3c                __lock___arc4random_mutex
                0x0000000020002f40                __lock___env_recursive_mutex
                0x0000000020002f44                __lock___sinit_recursive_mutex
                0x0000000020002f48                __lock___malloc_recursive_mutex
                0x0000000020002f4c                __lock___at_quick_exit_mutex
                0x0000000020002f50                __lock___dd_hash_mutex
                0x0000000020002f54                __lock___tz_mutex
                0x0000000020002f58                __lock___sfp_recursive_mutex
                0x0000000020002f59                __bss_end__ = .

.heap           0x0000000020002f60      0x100
                0x0000000020002f60                __end__ = .
                0x0000000020002f60                end = __end__
 *(.heap*)
 .heap          0x0000000020002f60      0x100 _build/startup_nrf51.os
                0x0000000020002f60                __HeapBase
                0x0000000020003060                __HeapLimit = .

.stack_dummy    0x0000000020002f60      0xc00
 *(.stack)
 .stack         0x0000000020002f60      0xc00 _build/startup_nrf51.os
                0x0000000020008000                __StackTop = (ORIGIN (RAM) + LENGTH (RAM))
                0x0000000020007400                __StackLimit = (__StackTop - SIZEOF (.stack_dummy))
                0x0000000020008000                PROVIDE (__stack, __StackTop)
                0x0000000000000001                ASSERT ((__StackLimit >= __HeapLimit), region RAM overflowed with stack)
OUTPUT(_build/first_ex_s130.elf elf32-littlearm)

.ARM.attributes
                0x0000000000000000       0x28
 .ARM.attributes
                0x0000000000000000       0x1e /usr/local/gcc-arm-none-eabi-6-2017-q1-update/bin/../lib/gcc/arm-none-eabi/6.3.1/thumb/v6-m/crti.o
 .ARM.attributes
                0x000000000000001e       0x2c /usr/local/gcc-arm-none-eabi-6-2017-q1-update/bin/../lib/gcc/arm-none-eabi/6.3.1/thumb/v6-m/crtbegin.o
 .ARM.attributes
                0x000000000000004a       0x1b /usr/local/gcc-arm-none-eabi-6-2017-q1-update/bin/../lib/gcc/arm-none-eabi/6.3.1/../../../../arm-none-eabi/lib/thumb/v6-m/crt0.o
 .ARM.attributes
                0x0000000000000065       0x1b _build/startup_nrf51.os
 .ARM.attributes
                0x0000000000000080       0x31 _build/system_nrf51.o
 .ARM.attributes
                0x00000000000000b1       0x31 _build/main.o
 .ARM.attributes
                0x00000000000000e2       0x31 _build/softdevice_handler.o
 .ARM.attributes
                0x0000000000000113       0x31 _build/ble_advdata.o
 .ARM.attributes
                0x0000000000000144       0x31 _build/ble_conn_params.o
 .ARM.attributes
                0x0000000000000175       0x31 _build/app_timer.o
 .ARM.attributes
                0x00000000000001a6       0x31 _build/app_error.o
 .ARM.attributes
                0x00000000000001d7       0x31 _build/app_util_platform.o
 .ARM.attributes
                0x0000000000000208       0x31 _build/nrf_drv_common.o
 .ARM.attributes
                0x0000000000000239       0x31 _build/nrf_drv_gpiote.o
 .ARM.attributes
                0x000000000000026a       0x31 _build/nrf_drv_adc.o
 .ARM.attributes
                0x000000000000029b       0x31 _build/nrf_drv_clock.o
 .ARM.attributes
                0x00000000000002cc       0x31 _build/ble_srv_common.o
 .ARM.attributes
                0x00000000000002fd       0x31 _build/nrf_drv_spi.o
 .ARM.attributes
                0x000000000000032e       0x31 _build/simple_ble.o
 .ARM.attributes
                0x000000000000035f       0x31 _build/simple_adv.o
 .ARM.attributes
                0x0000000000000390       0x31 _build/scratch_ble.o
 .ARM.attributes
                0x00000000000003c1       0x2c /usr/local/gcc-arm-none-eabi-6-2017-q1-update/bin/../lib/gcc/arm-none-eabi/6.3.1/../../../../arm-none-eabi/lib/thumb/v6-m/libc.a(lib_a-exit.o)
 .ARM.attributes
                0x00000000000003ed       0x2c /usr/local/gcc-arm-none-eabi-6-2017-q1-update/bin/../lib/gcc/arm-none-eabi/6.3.1/../../../../arm-none-eabi/lib/thumb/v6-m/libc.a(lib_a-impure.o)
 .ARM.attributes
                0x0000000000000419       0x2c /usr/local/gcc-arm-none-eabi-6-2017-q1-update/bin/../lib/gcc/arm-none-eabi/6.3.1/../../../../arm-none-eabi/lib/thumb/v6-m/libc.a(lib_a-init.o)
 .ARM.attributes
                0x0000000000000445       0x2c /usr/local/gcc-arm-none-eabi-6-2017-q1-update/bin/../lib/gcc/arm-none-eabi/6.3.1/../../../../arm-none-eabi/lib/thumb/v6-m/libc.a(lib_a-memcpy-stub.o)
 .ARM.attributes
                0x0000000000000471       0x2c /usr/local/gcc-arm-none-eabi-6-2017-q1-update/bin/../lib/gcc/arm-none-eabi/6.3.1/../../../../arm-none-eabi/lib/thumb/v6-m/libc.a(lib_a-memset.o)
 .ARM.attributes
                0x000000000000049d       0x2c /usr/local/gcc-arm-none-eabi-6-2017-q1-update/bin/../lib/gcc/arm-none-eabi/6.3.1/../../../../arm-none-eabi/lib/thumb/v6-m/libc.a(lib_a-strlen-stub.o)
 .ARM.attributes
                0x00000000000004c9       0x2c /usr/local/gcc-arm-none-eabi-6-2017-q1-update/bin/../lib/gcc/arm-none-eabi/6.3.1/../../../../arm-none-eabi/lib/thumb/v6-m/libc.a(lib_a-__call_atexit.o)
 .ARM.attributes
                0x00000000000004f5       0x2c /usr/local/gcc-arm-none-eabi-6-2017-q1-update/bin/../lib/gcc/arm-none-eabi/6.3.1/../../../../arm-none-eabi/lib/thumb/v6-m/libc.a(lib_a-atexit.o)
 .ARM.attributes
                0x0000000000000521       0x2c /usr/local/gcc-arm-none-eabi-6-2017-q1-update/bin/../lib/gcc/arm-none-eabi/6.3.1/../../../../arm-none-eabi/lib/thumb/v6-m/libc.a(lib_a-fini.o)
 .ARM.attributes
                0x000000000000054d       0x2c /usr/local/gcc-arm-none-eabi-6-2017-q1-update/bin/../lib/gcc/arm-none-eabi/6.3.1/../../../../arm-none-eabi/lib/thumb/v6-m/libc.a(lib_a-lock.o)
 .ARM.attributes
                0x0000000000000579       0x2c /usr/local/gcc-arm-none-eabi-6-2017-q1-update/bin/../lib/gcc/arm-none-eabi/6.3.1/../../../../arm-none-eabi/lib/thumb/v6-m/libc.a(lib_a-__atexit.o)
 .ARM.attributes
                0x00000000000005a5       0x2c /usr/local/gcc-arm-none-eabi-6-2017-q1-update/bin/../lib/gcc/arm-none-eabi/6.3.1/thumb/v6-m/crtend.o
 .ARM.attributes
                0x00000000000005d1       0x1e /usr/local/gcc-arm-none-eabi-6-2017-q1-update/bin/../lib/gcc/arm-none-eabi/6.3.1/thumb/v6-m/crtn.o
 .ARM.attributes
                0x00000000000005ef       0x2c /usr/local/gcc-arm-none-eabi-6-2017-q1-update/bin/../lib/gcc/arm-none-eabi/6.3.1/../../../../arm-none-eabi/lib/thumb/v6-m/libnosys.a(_exit.o)

.comment        0x0000000000000000       0x7f
 .comment       0x0000000000000000       0x7f _build/system_nrf51.o
                                         0x80 (size before relaxing)
 .comment       0x000000000000007f       0x80 _build/main.o
 .comment       0x000000000000007f       0x80 _build/softdevice_handler.o
 .comment       0x000000000000007f       0x80 _build/ble_advdata.o
 .comment       0x000000000000007f       0x80 _build/ble_conn_params.o
 .comment       0x000000000000007f       0x80 _build/app_timer.o
 .comment       0x000000000000007f       0x80 _build/app_error.o
 .comment       0x000000000000007f       0x80 _build/app_util_platform.o
 .comment       0x000000000000007f       0x80 _build/nrf_drv_common.o
 .comment       0x000000000000007f       0x80 _build/nrf_drv_gpiote.o
 .comment       0x000000000000007f       0x80 _build/nrf_drv_adc.o
 .comment       0x000000000000007f       0x80 _build/nrf_drv_clock.o
 .comment       0x000000000000007f       0x80 _build/ble_srv_common.o
 .comment       0x000000000000007f       0x80 _build/nrf_drv_spi.o
 .comment       0x000000000000007f       0x80 _build/simple_ble.o
 .comment       0x000000000000007f       0x80 _build/simple_adv.o
 .comment       0x000000000000007f       0x80 _build/scratch_ble.o

.debug_frame    0x0000000000000000      0x290
 .debug_frame   0x0000000000000000       0x28 /usr/local/gcc-arm-none-eabi-6-2017-q1-update/bin/../lib/gcc/arm-none-eabi/6.3.1/../../../../arm-none-eabi/lib/thumb/v6-m/libc.a(lib_a-exit.o)
 .debug_frame   0x0000000000000028       0x2c /usr/local/gcc-arm-none-eabi-6-2017-q1-update/bin/../lib/gcc/arm-none-eabi/6.3.1/../../../../arm-none-eabi/lib/thumb/v6-m/libc.a(lib_a-init.o)
 .debug_frame   0x0000000000000054       0x30 /usr/local/gcc-arm-none-eabi-6-2017-q1-update/bin/../lib/gcc/arm-none-eabi/6.3.1/../../../../arm-none-eabi/lib/thumb/v6-m/libc.a(lib_a-memcpy-stub.o)
 .debug_frame   0x0000000000000084       0x30 /usr/local/gcc-arm-none-eabi-6-2017-q1-update/bin/../lib/gcc/arm-none-eabi/6.3.1/../../../../arm-none-eabi/lib/thumb/v6-m/libc.a(lib_a-memset.o)
 .debug_frame   0x00000000000000b4       0x28 /usr/local/gcc-arm-none-eabi-6-2017-q1-update/bin/../lib/gcc/arm-none-eabi/6.3.1/../../../../arm-none-eabi/lib/thumb/v6-m/libc.a(lib_a-strlen-stub.o)
 .debug_frame   0x00000000000000dc       0x54 /usr/local/gcc-arm-none-eabi-6-2017-q1-update/bin/../lib/gcc/arm-none-eabi/6.3.1/../../../../arm-none-eabi/lib/thumb/v6-m/libc.a(lib_a-__call_atexit.o)
 .debug_frame   0x0000000000000130       0x28 /usr/local/gcc-arm-none-eabi-6-2017-q1-update/bin/../lib/gcc/arm-none-eabi/6.3.1/../../../../arm-none-eabi/lib/thumb/v6-m/libc.a(lib_a-atexit.o)
 .debug_frame   0x0000000000000158       0x2c /usr/local/gcc-arm-none-eabi-6-2017-q1-update/bin/../lib/gcc/arm-none-eabi/6.3.1/../../../../arm-none-eabi/lib/thumb/v6-m/libc.a(lib_a-fini.o)
 .debug_frame   0x0000000000000184       0xb0 /usr/local/gcc-arm-none-eabi-6-2017-q1-update/bin/../lib/gcc/arm-none-eabi/6.3.1/../../../../arm-none-eabi/lib/thumb/v6-m/libc.a(lib_a-lock.o)
 .debug_frame   0x0000000000000234       0x3c /usr/local/gcc-arm-none-eabi-6-2017-q1-update/bin/../lib/gcc/arm-none-eabi/6.3.1/../../../../arm-none-eabi/lib/thumb/v6-m/libc.a(lib_a-__atexit.o)
 .debug_frame   0x0000000000000270       0x20 /usr/local/gcc-arm-none-eabi-6-2017-q1-update/bin/../lib/gcc/arm-none-eabi/6.3.1/../../../../arm-none-eabi/lib/thumb/v6-m/libnosys.a(_exit.o)
